******************************************************************************
                  TI ARM Linker PC v20.2.2                     
******************************************************************************
>> Linked Wed Jun  2 19:53:03 2021

OUTPUT FILE NAME:   <P3_DigitalMultimeter.out>
ENTRY POINT SYMBOL: "_c_int00_noargs"  address: 0000155d


MEMORY CONFIGURATION

         name            origin    length      used     unused   attr    fill
----------------------  --------  ---------  --------  --------  ----  --------
  MAIN                  00000000   00040000  000016ec  0003e914  R  X
  INFO                  00200000   00004000  00000000  00004000  R  X
  SRAM_CODE             01000000   00010000  0000027e  0000fd82  RW X
  SRAM_DATA             20000000   00010000  0000027e  0000fd82  RW  


SEGMENT ALLOCATION MAP

run origin  load origin   length   init length attrs members
----------  ----------- ---------- ----------- ----- -------
00000000    00000000    000016f0   000016f0    r-x
  00000000    00000000    000000e4   000000e4    r-- .intvecs
  000000e4    000000e4    00001524   00001524    r-x .text
  00001608    00001608    000000b4   000000b4    r-- .const
  000016c0    000016c0    00000030   00000030    r-- .cinit
20000000    20000000    00000080   00000000    rw-
  20000000    20000000    0000005e   00000000    rw- .bss
  20000060    20000060    00000020   00000000    rw- .data
2000fe00    2000fe00    00000200   00000000    rw-
  2000fe00    2000fe00    00000200   00000000    rw- .stack


SECTION ALLOCATION MAP

 output                                  attributes/
section   page    origin      length       input sections
--------  ----  ----------  ----------   ----------------
.intvecs   0    00000000    000000e4     
                  00000000    000000e4     startup_msp432p401r_ccs.obj (.intvecs:retain)

.text      0    000000e4    00001524     
                  000000e4    00000614     ADC.obj (.text)
                  000006f8    0000045c     DMM.obj (.text)
                  00000b54    00000334     system_msp432p401r.obj (.text)
                  00000e88    000001b6     rtsv7M4_T_le_v4SPD16_eabi.lib : fd_add_t2.asm.obj (.text)
                  0000103e    00000002     --HOLE-- [fill = 0]
                  00001040    00000158                                   : e_sqrt.c.obj (.text:sqrt)
                  00001198    00000136                                   : fd_div_t2.asm.obj (.text)
                  000012ce    000000fc                                   : fd_mul_t2.asm.obj (.text)
                  000013ca    0000009c                                   : memcpy_t2.asm.obj (.text)
                  00001466    00000068                                   : copy_decompress_lzss.c.obj (.text:decompress:lzss:__TI_decompress_lzss)
                  000014ce    00000048                                   : fd_toi_t2.asm.obj (.text)
                  00001516    00000002     --HOLE-- [fill = 0]
                  00001518    00000044                                   : autoinit.c.obj (.text:__TI_auto_init_nobinit_nopinit:__TI_auto_init_nobinit_nopinit)
                  0000155c    00000034                                   : boot_cortex_m.c.obj (.text:_c_int00_noargs:_c_int00_noargs)
                  00001590    0000002e                                   : i_tofd_t2.asm.obj (.text)
                  000015be    0000001c                                   : copy_zero_init.c.obj (.text:decompress:ZI:__TI_zero_init_nomemset:__TI_zero_init_nomemset)
                  000015da    0000000e                                   : copy_decompress_none.c.obj (.text:decompress:none:__TI_decompress_none)
                  000015e8    0000000e     startup_msp432p401r_ccs.obj (.text)
                  000015f6    00000002     --HOLE-- [fill = 0]
                  000015f8    00000008     rtsv7M4_T_le_v4SPD16_eabi.lib : errno.c.obj (.text:__aeabi_errno_addr)
                  00001600    00000004                                   : pre_init.c.obj (.text:_system_pre_init)
                  00001604    00000004                                   : exit.c.obj (.text:abort:abort)

.const     0    00001608    000000b4     
                  00001608    00000030     DMM.obj (.const:$P$T0$2)
                  00001638    00000030     DMM.obj (.const:$P$T1$3)
                  00001668    0000002c     DMM.obj (.const:$P$T3$5)
                  00001694    00000028     DMM.obj (.const:$P$T2$4)

.cinit     0    000016c0    00000030     
                  000016c0    0000000c     (.cinit..data.load) [load image, compression = lzss]
                  000016cc    0000000c     (__TI_handler_table)
                  000016d8    00000008     (.cinit..bss.load) [load image, compression = zero_init]
                  000016e0    00000010     (__TI_cinit_table)

.init_array 
*          0    00000000    00000000     UNINITIALIZED

.binit     0    00000000    00000000     

.bss       0    20000000    0000005e     UNINITIALIZED
                  20000000    0000002c     ADC.obj (.bss:vals)
                  2000002c    00000014     DMM.obj (.bss:vals)
                  20000040    0000000c     ADC.obj (.bss)
                  2000004c    00000004     (.common:max_val)
                  20000050    00000004     (.common:min_val)
                  20000054    00000004     (.common:num)
                  20000058    00000004     (.common:peak_peak)
                  2000005c    00000002     (.common:capturePeriod)

.data      0    20000060    00000020     UNINITIALIZED
                  20000060    0000000c     DMM.obj (.data)
                  2000006c    00000008     ADC.obj (.data)
                  20000074    00000004     DMM.obj (.data:captureValue)
                  20000078    00000004     rtsv7M4_T_le_v4SPD16_eabi.lib : errno.c.obj (.data)
                  2000007c    00000004     system_msp432p401r.obj (.data)

.stack     0    2000fe00    00000200     UNINITIALIZED
                  2000fe00    00000004     rtsv7M4_T_le_v4SPD16_eabi.lib : boot_cortex_m.c.obj (.stack)
                  2000fe04    000001fc     --HOLE--

__llvm_prf_cnts 
*          0    20000000    00000000     UNINITIALIZED

MODULE SUMMARY

       Module                        code   ro data   rw data
       ------                        ----   -------   -------
    .\
       ADC.obj                       1556   0         152    
       DMM.obj                       1116   180       84     
       system_msp432p401r.obj        820    0         8      
       startup_msp432p401r_ccs.obj   14     228       0      
    +--+-----------------------------+------+---------+---------+
       Total:                        3506   408       244    
                                                             
    C:\Users\5120c\ccs\tools\compiler\ti-cgt-arm_20.2.2.LTS\lib\rtsv7M4_T_le_v4SPD16_eabi.lib
       fd_add_t2.asm.obj             438    0         0      
       e_sqrt.c.obj                  344    0         0      
       fd_div_t2.asm.obj             310    0         0      
       fd_mul_t2.asm.obj             252    0         0      
       memcpy_t2.asm.obj             156    0         0      
       copy_decompress_lzss.c.obj    104    0         0      
       fd_toi_t2.asm.obj             72     0         0      
       autoinit.c.obj                68     0         0      
       boot_cortex_m.c.obj           52     0         0      
       i_tofd_t2.asm.obj             46     0         0      
       copy_zero_init.c.obj          28     0         0      
       errno.c.obj                   8      0         8      
       copy_decompress_none.c.obj    14     0         0      
       exit.c.obj                    4      0         0      
       pre_init.c.obj                4      0         0      
    +--+-----------------------------+------+---------+---------+
       Total:                        1900   0         8      
                                                             
       Stack:                        0      0         1024   
       Linker Generated:             0      48        0      
    +--+-----------------------------+------+---------+---------+
       Grand Total:                  5406   456       1276   


LINKER GENERATED COPY TABLES

__TI_cinit_table @ 000016e0 records: 2, size/record: 8, table size: 16
	.data: load addr=000016c0, load size=0000000c bytes, run addr=20000060, run size=00000020 bytes, compression=lzss
	.bss: load addr=000016d8, load size=00000008 bytes, run addr=20000000, run size=0000005e bytes, compression=zero_init


LINKER GENERATED HANDLER TABLE

__TI_handler_table @ 000016cc records: 3, size/record: 4, table size: 12
	index: 0, handler: __TI_decompress_lzss
	index: 1, handler: __TI_decompress_none
	index: 2, handler: __TI_zero_init


GLOBAL SYMBOLS: SORTED ALPHABETICALLY BY Name 

address   name                          
-------   ----                          
0000041d  AC_to_UART                    
000002c3  ADC14_IRQHandler              
000002c3  ADC14_IRQHandler              
000000e5  ADC_init                      
000015f5  AES256_IRQHandler             
000015f5  BusFault_Handler              
00001605  C$$EXIT                       
000015f5  COMP_E0_IRQHandler            
000015f5  COMP_E1_IRQHandler            
000015f5  CS_IRQHandler                 
000001a1  DC_to_UART                    
000015f5  DMA_ERR_IRQHandler            
000015f5  DMA_INT0_IRQHandler           
000015f5  DMA_INT1_IRQHandler           
000015f5  DMA_INT2_IRQHandler           
000015f5  DMA_INT3_IRQHandler           
000015f5  DebugMon_Handler              
000015f5  Default_Handler               
000015f5  EUSCIA0_IRQHandler            
000015f5  EUSCIA1_IRQHandler            
000015f5  EUSCIA2_IRQHandler            
000015f5  EUSCIA3_IRQHandler            
000015f5  EUSCIB0_IRQHandler            
000015f5  EUSCIB1_IRQHandler            
000015f5  EUSCIB2_IRQHandler            
000015f5  EUSCIB3_IRQHandler            
000015f5  FLCTL_IRQHandler              
000015f5  FPU_IRQHandler                
000015f5  HardFault_Handler             
000015f5  MemManage_Handler             
000015f5  NMI_Handler                   
000015f5  PCM_IRQHandler                
000015f5  PORT1_IRQHandler              
000015f5  PORT2_IRQHandler              
000015f5  PORT3_IRQHandler              
000015f5  PORT4_IRQHandler              
000015f5  PORT5_IRQHandler              
000015f5  PORT6_IRQHandler              
000015f5  PSS_IRQHandler                
000015f5  PendSV_Handler                
0000059d  RMS_to_UART                   
000015f5  RTC_C_IRQHandler              
000015e9  Reset_Handler                 
000015f5  SVC_Handler                   
000015f5  SysTick_Handler               
2000007c  SystemCoreClock               
00000b55  SystemCoreClockUpdate         
00000dcd  SystemInit                    
000015f5  T32_INT1_IRQHandler           
000015f5  T32_INT2_IRQHandler           
000015f5  T32_INTC_IRQHandler           
000015f5  TA0_0_IRQHandler              
0000072d  TA0_N_IRQHandler              
0000072d  TA0_N_IRQHandler              
000015f5  TA1_0_IRQHandler              
000015f5  TA1_N_IRQHandler              
000015f5  TA2_0_IRQHandler              
000015f5  TA2_N_IRQHandler              
000015f5  TA3_0_IRQHandler              
000015f5  TA3_N_IRQHandler              
0000016b  UART_init                     
000015f5  UsageFault_Handler            
4000480c  WDTCTL_SYM                    
000015f5  WDT_A_IRQHandler              
20010000  __STACK_END                   
00000200  __STACK_SIZE                  
000016e0  __TI_CINIT_Base               
000016f0  __TI_CINIT_Limit              
000016cc  __TI_Handler_Table_Base       
000016d8  __TI_Handler_Table_Limit      
00001519  __TI_auto_init_nobinit_nopinit
00001467  __TI_decompress_lzss          
000015db  __TI_decompress_none          
ffffffff  __TI_pprof_out_hndl           
ffffffff  __TI_prof_data_size           
ffffffff  __TI_prof_data_start          
00000000  __TI_static_base__            
000015bf  __TI_zero_init_nomemset       
000014cf  __aeabi_d2iz                  
00000e93  __aeabi_dadd                  
00001199  __aeabi_ddiv                  
000012cf  __aeabi_dmul                  
00000e89  __aeabi_dsub                  
000015f9  __aeabi_errno_addr            
00001591  __aeabi_i2d                   
000013cb  __aeabi_memcpy                
000013cb  __aeabi_memcpy4               
000013cb  __aeabi_memcpy8               
ffffffff  __binit__                     
ffffffff  __c_args__                    
UNDEFED   __mpu_init                    
2000fe00  __stack                       
20000000  __start___llvm_prf_cnts       
20000000  __stop___llvm_prf_cnts        
0000155d  _c_int00_noargs               
UNDEFED   _system_post_cinit            
00001601  _system_pre_init              
00001605  abort                         
0000031b  beginADC                      
ffffffff  binit                         
20000060  captureFlag                   
2000005c  capturePeriod                 
20000074  captureValue                  
000002df  check_ADCflag                 
00000af9  check_timerflag               
0000079d  clear_screen                  
20000062  done                          
20000078  errno                         
000002e5  get_ADCdata                   
000003c5  get_DC                        
00000391  get_RMS                       
00000847  get_frequency                 
00000327  get_peak                      
00000000  interruptVectors              
00000aff  main                          
2000004c  max_val                       
000013cb  memcpy                        
20000050  min_val                       
00000a8d  move2measure                  
000007cd  move_cursor                   
20000054  num                           
20000058  peak_peak                     
00000abd  print_data                    
00000921  print_labels                  
00001041  sqrt                          
00001041  sqrtl                         
000006f9  timer_capture                 
20000064  timer_captureflag             
0000076b  toTerminal                    


GLOBAL SYMBOLS: SORTED BY Symbol Address 

address   name                          
-------   ----                          
00000000  __TI_static_base__            
00000000  interruptVectors              
000000e5  ADC_init                      
0000016b  UART_init                     
000001a1  DC_to_UART                    
00000200  __STACK_SIZE                  
000002c3  ADC14_IRQHandler              
000002c3  ADC14_IRQHandler              
000002df  check_ADCflag                 
000002e5  get_ADCdata                   
0000031b  beginADC                      
00000327  get_peak                      
00000391  get_RMS                       
000003c5  get_DC                        
0000041d  AC_to_UART                    
0000059d  RMS_to_UART                   
000006f9  timer_capture                 
0000072d  TA0_N_IRQHandler              
0000072d  TA0_N_IRQHandler              
0000076b  toTerminal                    
0000079d  clear_screen                  
000007cd  move_cursor                   
00000847  get_frequency                 
00000921  print_labels                  
00000a8d  move2measure                  
00000abd  print_data                    
00000af9  check_timerflag               
00000aff  main                          
00000b55  SystemCoreClockUpdate         
00000dcd  SystemInit                    
00000e89  __aeabi_dsub                  
00000e93  __aeabi_dadd                  
00001041  sqrt                          
00001041  sqrtl                         
00001199  __aeabi_ddiv                  
000012cf  __aeabi_dmul                  
000013cb  __aeabi_memcpy                
000013cb  __aeabi_memcpy4               
000013cb  __aeabi_memcpy8               
000013cb  memcpy                        
00001467  __TI_decompress_lzss          
000014cf  __aeabi_d2iz                  
00001519  __TI_auto_init_nobinit_nopinit
0000155d  _c_int00_noargs               
00001591  __aeabi_i2d                   
000015bf  __TI_zero_init_nomemset       
000015db  __TI_decompress_none          
000015e9  Reset_Handler                 
000015f5  AES256_IRQHandler             
000015f5  BusFault_Handler              
000015f5  COMP_E0_IRQHandler            
000015f5  COMP_E1_IRQHandler            
000015f5  CS_IRQHandler                 
000015f5  DMA_ERR_IRQHandler            
000015f5  DMA_INT0_IRQHandler           
000015f5  DMA_INT1_IRQHandler           
000015f5  DMA_INT2_IRQHandler           
000015f5  DMA_INT3_IRQHandler           
000015f5  DebugMon_Handler              
000015f5  Default_Handler               
000015f5  EUSCIA0_IRQHandler            
000015f5  EUSCIA1_IRQHandler            
000015f5  EUSCIA2_IRQHandler            
000015f5  EUSCIA3_IRQHandler            
000015f5  EUSCIB0_IRQHandler            
000015f5  EUSCIB1_IRQHandler            
000015f5  EUSCIB2_IRQHandler            
000015f5  EUSCIB3_IRQHandler            
000015f5  FLCTL_IRQHandler              
000015f5  FPU_IRQHandler                
000015f5  HardFault_Handler             
000015f5  MemManage_Handler             
000015f5  NMI_Handler                   
000015f5  PCM_IRQHandler                
000015f5  PORT1_IRQHandler              
000015f5  PORT2_IRQHandler              
000015f5  PORT3_IRQHandler              
000015f5  PORT4_IRQHandler              
000015f5  PORT5_IRQHandler              
000015f5  PORT6_IRQHandler              
000015f5  PSS_IRQHandler                
000015f5  PendSV_Handler                
000015f5  RTC_C_IRQHandler              
000015f5  SVC_Handler                   
000015f5  SysTick_Handler               
000015f5  T32_INT1_IRQHandler           
000015f5  T32_INT2_IRQHandler           
000015f5  T32_INTC_IRQHandler           
000015f5  TA0_0_IRQHandler              
000015f5  TA1_0_IRQHandler              
000015f5  TA1_N_IRQHandler              
000015f5  TA2_0_IRQHandler              
000015f5  TA2_N_IRQHandler              
000015f5  TA3_0_IRQHandler              
000015f5  TA3_N_IRQHandler              
000015f5  UsageFault_Handler            
000015f5  WDT_A_IRQHandler              
000015f9  __aeabi_errno_addr            
00001601  _system_pre_init              
00001605  C$$EXIT                       
00001605  abort                         
000016cc  __TI_Handler_Table_Base       
000016d8  __TI_Handler_Table_Limit      
000016e0  __TI_CINIT_Base               
000016f0  __TI_CINIT_Limit              
20000000  __start___llvm_prf_cnts       
20000000  __stop___llvm_prf_cnts        
2000004c  max_val                       
20000050  min_val                       
20000054  num                           
20000058  peak_peak                     
2000005c  capturePeriod                 
20000060  captureFlag                   
20000062  done                          
20000064  timer_captureflag             
20000074  captureValue                  
20000078  errno                         
2000007c  SystemCoreClock               
2000fe00  __stack                       
20010000  __STACK_END                   
4000480c  WDTCTL_SYM                    
ffffffff  __TI_pprof_out_hndl           
ffffffff  __TI_prof_data_size           
ffffffff  __TI_prof_data_start          
ffffffff  __binit__                     
ffffffff  __c_args__                    
ffffffff  binit                         
UNDEFED   __mpu_init                    
UNDEFED   _system_post_cinit            

[129 symbols]
